EDA Netlist Writer report for electraudio_modem
Sun Mar 23 21:34:59 2014
Quartus II 32-bit Version 12.1 Build 243 01/31/2013 Service Pack 1 SJ Web Edition


---------------------
; Table of Contents ;
---------------------
  1. Legal Notice
  2. EDA Netlist Writer Summary
  3. EDA Netlist Writer Messages



----------------
; Legal Notice ;
----------------
Copyright (C) 1991-2012 Altera Corporation
Your use of Altera Corporation's design tools, logic functions 
and other software and tools, and its AMPP partner logic 
functions, and any output files from any of the foregoing 
(including device programming or simulation files), and any 
associated documentation or information are expressly subject 
to the terms and conditions of the Altera Program License 
Subscription Agreement, Altera MegaCore Function License 
Agreement, or other applicable license agreement, including, 
without limitation, that your use is for the sole purpose of 
programming logic devices manufactured by Altera and sold by 
Altera or its authorized distributors.  Please refer to the 
applicable agreement for further details.



+---------------------------------------------------------------+
; EDA Netlist Writer Summary                                    ;
+---------------------------+-----------------------------------+
; EDA Netlist Writer Status ; Failed - Sun Mar 23 21:34:59 2014 ;
; Revision Name             ; electraudio_modem                 ;
; Top-level Entity Name     ; electraudio_modem                 ;
; Family                    ; Cyclone II                        ;
+---------------------------+-----------------------------------+


+-----------------------------+
; EDA Netlist Writer Messages ;
+-----------------------------+
Info: *******************************************************************
Info: Running Quartus II 32-bit EDA Netlist Writer
    Info: Version 12.1 Build 243 01/31/2013 Service Pack 1 SJ Web Edition
    Info: Processing started: Sun Mar 23 21:34:58 2014
Info: Command: quartus_eda --read_settings_files=off --write_settings_files=off electraudio_modem -c electraudio_modem
Error (204012): Can't generate netlist output files because the file "d:/Users/Mempf/repositories/ofdm/electraudio/nco-library/asj_nco_mob_w.v" is an OpenCore Plus time-limited file
Error (204012): Can't generate netlist output files because the file "d:/Users/Mempf/repositories/ofdm/electraudio/nco-library/asj_nco_as_m_dp_cen.v" is an OpenCore Plus time-limited file
Error (204012): Can't generate netlist output files because the file "d:/Users/Mempf/repositories/ofdm/electraudio/nco-library/asj_nco_madx_cen.v" is an OpenCore Plus time-limited file
Error (204012): Can't generate netlist output files because the file "d:/Users/Mempf/repositories/ofdm/electraudio/nco-library/asj_dxx_g.v" is an OpenCore Plus time-limited file
Error (204012): Can't generate netlist output files because the file "d:/Users/Mempf/repositories/ofdm/electraudio/nco-library/asj_nco_as_m_cen.v" is an OpenCore Plus time-limited file
Error (204012): Can't generate netlist output files because the file "d:/Users/Mempf/repositories/ofdm/electraudio/nco-library/asj_nco_apr_dxx.v" is an OpenCore Plus time-limited file
Error (204012): Can't generate netlist output files because the file "d:/Users/Mempf/repositories/ofdm/electraudio/nco-library/asj_altqmcpipe.v" is an OpenCore Plus time-limited file
Error (204012): Can't generate netlist output files because the file "d:/Users/Mempf/repositories/ofdm/electraudio/nco-library/asj_nco_derot.v" is an OpenCore Plus time-limited file
Error (204012): Can't generate netlist output files because the file "d:/Users/Mempf/repositories/ofdm/electraudio/nco-library/asj_dxx.v" is an OpenCore Plus time-limited file
Error (204012): Can't generate netlist output files because the file "d:/Users/Mempf/repositories/ofdm/electraudio/nco-library/asj_nco_isdr.v" is an OpenCore Plus time-limited file
Error (204012): Can't generate netlist output files because the file "d:/Users/Mempf/repositories/ofdm/electraudio/nco-library/asj_gam_dp.v" is an OpenCore Plus time-limited file
Error (204012): Can't generate netlist output files because the file "d:/Users/Mempf/repositories/ofdm/electraudio/nco-library/asj_nco_mady_cen.v" is an OpenCore Plus time-limited file
Error (204009): Can't generate netlist output files because the license for encrypted file "d:/Users/Mempf/repositories/ofdm/electraudio/nco-library/asj_nco_mob_w.v" is not available
Error (204009): Can't generate netlist output files because the license for encrypted file "d:/Users/Mempf/repositories/ofdm/electraudio/nco-library/asj_nco_as_m_dp_cen.v" is not available
Error (204009): Can't generate netlist output files because the license for encrypted file "d:/Users/Mempf/repositories/ofdm/electraudio/nco-library/asj_nco_madx_cen.v" is not available
Error (204009): Can't generate netlist output files because the license for encrypted file "d:/Users/Mempf/repositories/ofdm/electraudio/nco-library/asj_dxx_g.v" is not available
Error (204009): Can't generate netlist output files because the license for encrypted file "d:/Users/Mempf/repositories/ofdm/electraudio/nco-library/asj_nco_as_m_cen.v" is not available
Error (204009): Can't generate netlist output files because the license for encrypted file "d:/Users/Mempf/repositories/ofdm/electraudio/nco-library/asj_nco_apr_dxx.v" is not available
Error (204009): Can't generate netlist output files because the license for encrypted file "d:/Users/Mempf/repositories/ofdm/electraudio/nco-library/asj_altqmcpipe.v" is not available
Error (204009): Can't generate netlist output files because the license for encrypted file "d:/Users/Mempf/repositories/ofdm/electraudio/nco-library/asj_nco_derot.v" is not available
Error (204009): Can't generate netlist output files because the license for encrypted file "d:/Users/Mempf/repositories/ofdm/electraudio/nco-library/asj_dxx.v" is not available
Error (204009): Can't generate netlist output files because the license for encrypted file "d:/Users/Mempf/repositories/ofdm/electraudio/nco-library/asj_nco_isdr.v" is not available
Error (204009): Can't generate netlist output files because the license for encrypted file "d:/Users/Mempf/repositories/ofdm/electraudio/nco-library/asj_gam_dp.v" is not available
Error (204009): Can't generate netlist output files because the license for encrypted file "d:/Users/Mempf/repositories/ofdm/electraudio/nco-library/asj_nco_mady_cen.v" is not available
Error (204012): Can't generate netlist output files because the file "d:/Users/Mempf/repositories/ofdm/electraudio/nco-library/asj_nco_mob_w.v" is an OpenCore Plus time-limited file
Error (204012): Can't generate netlist output files because the file "d:/Users/Mempf/repositories/ofdm/electraudio/nco-library/asj_nco_as_m_dp_cen.v" is an OpenCore Plus time-limited file
Error (204012): Can't generate netlist output files because the file "d:/Users/Mempf/repositories/ofdm/electraudio/nco-library/asj_nco_madx_cen.v" is an OpenCore Plus time-limited file
Error (204012): Can't generate netlist output files because the file "d:/Users/Mempf/repositories/ofdm/electraudio/nco-library/asj_dxx_g.v" is an OpenCore Plus time-limited file
Error (204012): Can't generate netlist output files because the file "d:/Users/Mempf/repositories/ofdm/electraudio/nco-library/asj_nco_as_m_cen.v" is an OpenCore Plus time-limited file
Error (204012): Can't generate netlist output files because the file "d:/Users/Mempf/repositories/ofdm/electraudio/nco-library/asj_nco_apr_dxx.v" is an OpenCore Plus time-limited file
Error (204012): Can't generate netlist output files because the file "d:/Users/Mempf/repositories/ofdm/electraudio/nco-library/asj_altqmcpipe.v" is an OpenCore Plus time-limited file
Error (204012): Can't generate netlist output files because the file "d:/Users/Mempf/repositories/ofdm/electraudio/nco-library/asj_nco_derot.v" is an OpenCore Plus time-limited file
Error (204012): Can't generate netlist output files because the file "d:/Users/Mempf/repositories/ofdm/electraudio/nco-library/asj_dxx.v" is an OpenCore Plus time-limited file
Error (204012): Can't generate netlist output files because the file "d:/Users/Mempf/repositories/ofdm/electraudio/nco-library/asj_nco_isdr.v" is an OpenCore Plus time-limited file
Error (204012): Can't generate netlist output files because the file "d:/Users/Mempf/repositories/ofdm/electraudio/nco-library/asj_gam_dp.v" is an OpenCore Plus time-limited file
Error (204012): Can't generate netlist output files because the file "d:/Users/Mempf/repositories/ofdm/electraudio/nco-library/asj_nco_mady_cen.v" is an OpenCore Plus time-limited file
Error (204009): Can't generate netlist output files because the license for encrypted file "d:/Users/Mempf/repositories/ofdm/electraudio/nco-library/asj_nco_mob_w.v" is not available
Error (204009): Can't generate netlist output files because the license for encrypted file "d:/Users/Mempf/repositories/ofdm/electraudio/nco-library/asj_nco_as_m_dp_cen.v" is not available
Error (204009): Can't generate netlist output files because the license for encrypted file "d:/Users/Mempf/repositories/ofdm/electraudio/nco-library/asj_nco_madx_cen.v" is not available
Error (204009): Can't generate netlist output files because the license for encrypted file "d:/Users/Mempf/repositories/ofdm/electraudio/nco-library/asj_dxx_g.v" is not available
Error (204009): Can't generate netlist output files because the license for encrypted file "d:/Users/Mempf/repositories/ofdm/electraudio/nco-library/asj_nco_as_m_cen.v" is not available
Error (204009): Can't generate netlist output files because the license for encrypted file "d:/Users/Mempf/repositories/ofdm/electraudio/nco-library/asj_nco_apr_dxx.v" is not available
Error (204009): Can't generate netlist output files because the license for encrypted file "d:/Users/Mempf/repositories/ofdm/electraudio/nco-library/asj_altqmcpipe.v" is not available
Error (204009): Can't generate netlist output files because the license for encrypted file "d:/Users/Mempf/repositories/ofdm/electraudio/nco-library/asj_nco_derot.v" is not available
Error (204009): Can't generate netlist output files because the license for encrypted file "d:/Users/Mempf/repositories/ofdm/electraudio/nco-library/asj_dxx.v" is not available
Error (204009): Can't generate netlist output files because the license for encrypted file "d:/Users/Mempf/repositories/ofdm/electraudio/nco-library/asj_nco_isdr.v" is not available
Error (204009): Can't generate netlist output files because the license for encrypted file "d:/Users/Mempf/repositories/ofdm/electraudio/nco-library/asj_gam_dp.v" is not available
Error (204009): Can't generate netlist output files because the license for encrypted file "d:/Users/Mempf/repositories/ofdm/electraudio/nco-library/asj_nco_mady_cen.v" is not available
Error (204012): Can't generate netlist output files because the file "d:/Users/Mempf/repositories/ofdm/electraudio/nco-library/asj_nco_mob_w.v" is an OpenCore Plus time-limited file
Error (204012): Can't generate netlist output files because the file "d:/Users/Mempf/repositories/ofdm/electraudio/nco-library/asj_nco_as_m_dp_cen.v" is an OpenCore Plus time-limited file
Error (204012): Can't generate netlist output files because the file "d:/Users/Mempf/repositories/ofdm/electraudio/nco-library/asj_nco_madx_cen.v" is an OpenCore Plus time-limited file
Error (204012): Can't generate netlist output files because the file "d:/Users/Mempf/repositories/ofdm/electraudio/nco-library/asj_dxx_g.v" is an OpenCore Plus time-limited file
Error (204012): Can't generate netlist output files because the file "d:/Users/Mempf/repositories/ofdm/electraudio/nco-library/asj_nco_as_m_cen.v" is an OpenCore Plus time-limited file
Error (204012): Can't generate netlist output files because the file "d:/Users/Mempf/repositories/ofdm/electraudio/nco-library/asj_nco_apr_dxx.v" is an OpenCore Plus time-limited file
Error (204012): Can't generate netlist output files because the file "d:/Users/Mempf/repositories/ofdm/electraudio/nco-library/asj_altqmcpipe.v" is an OpenCore Plus time-limited file
Error (204012): Can't generate netlist output files because the file "d:/Users/Mempf/repositories/ofdm/electraudio/nco-library/asj_nco_derot.v" is an OpenCore Plus time-limited file
Error (204012): Can't generate netlist output files because the file "d:/Users/Mempf/repositories/ofdm/electraudio/nco-library/asj_dxx.v" is an OpenCore Plus time-limited file
Error (204012): Can't generate netlist output files because the file "d:/Users/Mempf/repositories/ofdm/electraudio/nco-library/asj_nco_isdr.v" is an OpenCore Plus time-limited file
Error (204012): Can't generate netlist output files because the file "d:/Users/Mempf/repositories/ofdm/electraudio/nco-library/asj_gam_dp.v" is an OpenCore Plus time-limited file
Error (204012): Can't generate netlist output files because the file "d:/Users/Mempf/repositories/ofdm/electraudio/nco-library/asj_nco_mady_cen.v" is an OpenCore Plus time-limited file
Error (204009): Can't generate netlist output files because the license for encrypted file "d:/Users/Mempf/repositories/ofdm/electraudio/nco-library/asj_nco_mob_w.v" is not available
Error (204009): Can't generate netlist output files because the license for encrypted file "d:/Users/Mempf/repositories/ofdm/electraudio/nco-library/asj_nco_as_m_dp_cen.v" is not available
Error (204009): Can't generate netlist output files because the license for encrypted file "d:/Users/Mempf/repositories/ofdm/electraudio/nco-library/asj_nco_madx_cen.v" is not available
Error (204009): Can't generate netlist output files because the license for encrypted file "d:/Users/Mempf/repositories/ofdm/electraudio/nco-library/asj_dxx_g.v" is not available
Error (204009): Can't generate netlist output files because the license for encrypted file "d:/Users/Mempf/repositories/ofdm/electraudio/nco-library/asj_nco_as_m_cen.v" is not available
Error (204009): Can't generate netlist output files because the license for encrypted file "d:/Users/Mempf/repositories/ofdm/electraudio/nco-library/asj_nco_apr_dxx.v" is not available
Error (204009): Can't generate netlist output files because the license for encrypted file "d:/Users/Mempf/repositories/ofdm/electraudio/nco-library/asj_altqmcpipe.v" is not available
Error (204009): Can't generate netlist output files because the license for encrypted file "d:/Users/Mempf/repositories/ofdm/electraudio/nco-library/asj_nco_derot.v" is not available
Error (204009): Can't generate netlist output files because the license for encrypted file "d:/Users/Mempf/repositories/ofdm/electraudio/nco-library/asj_dxx.v" is not available
Error (204009): Can't generate netlist output files because the license for encrypted file "d:/Users/Mempf/repositories/ofdm/electraudio/nco-library/asj_nco_isdr.v" is not available
Error (204009): Can't generate netlist output files because the license for encrypted file "d:/Users/Mempf/repositories/ofdm/electraudio/nco-library/asj_gam_dp.v" is not available
Error (204009): Can't generate netlist output files because the license for encrypted file "d:/Users/Mempf/repositories/ofdm/electraudio/nco-library/asj_nco_mady_cen.v" is not available
Error: Quartus II 32-bit EDA Netlist Writer was unsuccessful. 72 errors, 0 warnings
    Error: Peak virtual memory: 353 megabytes
    Error: Processing ended: Sun Mar 23 21:34:59 2014
    Error: Elapsed time: 00:00:01
    Error: Total CPU time (on all processors): 00:00:01


