Flow report for electraudio_modem
Thu Feb 27 14:45:43 2014
Quartus II 64-Bit Version 12.1 Build 243 01/31/2013 Service Pack 1 SJ Web Edition


---------------------
; Table of Contents ;
---------------------
  1. Legal Notice
  2. Flow Summary
  3. Flow Settings
  4. Flow Non-Default Global Settings
  5. Flow Elapsed Time
  6. Flow OS Summary
  7. Flow Log



----------------
; Legal Notice ;
----------------
Copyright (C) 1991-2012 Altera Corporation
Your use of Altera Corporation's design tools, logic functions 
and other software and tools, and its AMPP partner logic 
functions, and any output files from any of the foregoing 
(including device programming or simulation files), and any 
associated documentation or information are expressly subject 
to the terms and conditions of the Altera Program License 
Subscription Agreement, Altera MegaCore Function License 
Agreement, or other applicable license agreement, including, 
without limitation, that your use is for the sole purpose of 
programming logic devices manufactured by Altera and sold by 
Altera or its authorized distributors.  Please refer to the 
applicable agreement for further details.



+------------------------------------------------------------------------------------+
; Flow Summary                                                                       ;
+------------------------------------+-----------------------------------------------+
; Flow Status                        ; Successful - Thu Feb 27 14:45:43 2014         ;
; Quartus II 64-Bit Version          ; 12.1 Build 243 01/31/2013 SP 1 SJ Web Edition ;
; Revision Name                      ; electraudio_modem                             ;
; Top-level Entity Name              ; electraudio_modem                             ;
; Family                             ; Cyclone II                                    ;
; Device                             ; EP2C70F896C6                                  ;
; Timing Models                      ; Final                                         ;
; Total logic elements               ; 2,798 / 68,416 ( 4 % )                        ;
;     Total combinational functions  ; 2,341 / 68,416 ( 3 % )                        ;
;     Dedicated logic registers      ; 1,776 / 68,416 ( 3 % )                        ;
; Total registers                    ; 1776                                          ;
; Total pins                         ; 80 / 622 ( 13 % )                             ;
; Total virtual pins                 ; 0                                             ;
; Total memory bits                  ; 9,600 / 1,152,000 ( < 1 % )                   ;
; Embedded Multiplier 9-bit elements ; 0 / 300 ( 0 % )                               ;
; Total PLLs                         ; 1 / 4 ( 25 % )                                ;
+------------------------------------+-----------------------------------------------+


+-----------------------------------------+
; Flow Settings                           ;
+-------------------+---------------------+
; Option            ; Setting             ;
+-------------------+---------------------+
; Start date & time ; 02/27/2014 14:45:08 ;
; Main task         ; Compilation         ;
; Revision Name     ; electraudio_modem   ;
+-------------------+---------------------+


+---------------------------------------------------------------------------------------------------------------------------------+
; Flow Non-Default Global Settings                                                                                                ;
+-------------------------------------+---------------------------------------+---------------+------------------+----------------+
; Assignment Name                     ; Value                                 ; Default Value ; Entity Name      ; Section Id     ;
+-------------------------------------+---------------------------------------+---------------+------------------+----------------+
; COMPILER_SIGNATURE_ID               ; 40093583651777.139354110705312        ; --            ; --               ; --             ;
; EDA_OUTPUT_DATA_FORMAT              ; Vhdl                                  ; --            ; --               ; eda_simulation ;
; EDA_SIMULATION_TOOL                 ; ModelSim-Altera (VHDL)                ; <None>        ; --               ; --             ;
; IP_TOOL_NAME                        ; ALTPLL                                ; --            ; --               ; --             ;
; IP_TOOL_VERSION                     ; 12.1                                  ; --            ; --               ; --             ;
; MAX_CORE_JUNCTION_TEMP              ; 85                                    ; --            ; --               ; --             ;
; MIN_CORE_JUNCTION_TEMP              ; 0                                     ; --            ; --               ; --             ;
; MISC_FILE                           ; pll.bsf                               ; --            ; --               ; --             ;
; MISC_FILE                           ; pll_inst.vhd                          ; --            ; --               ; --             ;
; MISC_FILE                           ; pll.cmp                               ; --            ; --               ; --             ;
; MISC_FILE                           ; pll.ppf                               ; --            ; --               ; --             ;
; PARTITION_COLOR                     ; 16764057                              ; --            ; DE2_70_ADDA_GPIO ; Top            ;
; PARTITION_COLOR                     ; 16764057                              ; --            ; --               ; Top            ;
; PARTITION_FITTER_PRESERVATION_LEVEL ; PLACEMENT_AND_ROUTING                 ; --            ; DE2_70_ADDA_GPIO ; Top            ;
; PARTITION_FITTER_PRESERVATION_LEVEL ; PLACEMENT_AND_ROUTING                 ; --            ; --               ; Top            ;
; PARTITION_NETLIST_TYPE              ; SOURCE                                ; --            ; DE2_70_ADDA_GPIO ; Top            ;
; PARTITION_NETLIST_TYPE              ; SOURCE                                ; --            ; --               ; Top            ;
; POWER_BOARD_THERMAL_MODEL           ; None (CONSERVATIVE)                   ; --            ; --               ; --             ;
; POWER_PRESET_COOLING_SOLUTION       ; 23 MM HEAT SINK WITH 200 LFPM AIRFLOW ; --            ; --               ; --             ;
; PROJECT_OUTPUT_DIRECTORY            ; output_files                          ; --            ; --               ; --             ;
+-------------------------------------+---------------------------------------+---------------+------------------+----------------+


+-------------------------------------------------------------------------------------------------------------------------------+
; Flow Elapsed Time                                                                                                             ;
+---------------------------+--------------+-------------------------+---------------------+------------------------------------+
; Module Name               ; Elapsed Time ; Average Processors Used ; Peak Virtual Memory ; Total CPU Time (on all processors) ;
+---------------------------+--------------+-------------------------+---------------------+------------------------------------+
; Analysis & Synthesis      ; 00:00:07     ; 1.0                     ; 548 MB              ; 00:00:07                           ;
; Fitter                    ; 00:00:15     ; 1.1                     ; 863 MB              ; 00:00:18                           ;
; Assembler                 ; 00:00:03     ; 1.0                     ; 457 MB              ; 00:00:03                           ;
; TimeQuest Timing Analyzer ; 00:00:03     ; 1.0                     ; 527 MB              ; 00:00:02                           ;
; EDA Netlist Writer        ; 00:00:02     ; 1.0                     ; 432 MB              ; 00:00:02                           ;
; Total                     ; 00:00:30     ; --                      ; --                  ; 00:00:32                           ;
+---------------------------+--------------+-------------------------+---------------------+------------------------------------+


+----------------------------------------------------------------------------------------+
; Flow OS Summary                                                                        ;
+---------------------------+------------------+-----------+------------+----------------+
; Module Name               ; Machine Hostname ; OS Name   ; OS Version ; Processor type ;
+---------------------------+------------------+-----------+------------+----------------+
; Analysis & Synthesis      ; Mempftop         ; Windows 7 ; 6.2        ; x86_64         ;
; Fitter                    ; Mempftop         ; Windows 7 ; 6.2        ; x86_64         ;
; Assembler                 ; Mempftop         ; Windows 7 ; 6.2        ; x86_64         ;
; TimeQuest Timing Analyzer ; Mempftop         ; Windows 7 ; 6.2        ; x86_64         ;
; EDA Netlist Writer        ; Mempftop         ; Windows 7 ; 6.2        ; x86_64         ;
+---------------------------+------------------+-----------+------------+----------------+


------------
; Flow Log ;
------------
quartus_map --read_settings_files=on --write_settings_files=off electraudio_modem -c electraudio_modem
quartus_fit --read_settings_files=off --write_settings_files=off electraudio_modem -c electraudio_modem
quartus_asm --read_settings_files=off --write_settings_files=off electraudio_modem -c electraudio_modem
quartus_sta electraudio_modem -c electraudio_modem
quartus_eda --read_settings_files=off --write_settings_files=off electraudio_modem -c electraudio_modem



